Init barrier id: 19 width: 2 ... result 0
Calling wait, barrier id: 19
Waiting done, barrier id: 19 ... result 0
Init barrier id: 19 width: 2 ... result 0
Calling wait, barrier id: 19
Waiting done, barrier id: 19 ... result 0
Init barrier id: 19 width: 2 ... result 0
Calling wait, barrier id: 19
Waiting done, barrier id: 19 ... result 0
Init barrier id: 19 width: 2 ... result 0
Calling wait, barrier id: 19
Waiting done, barrier id: 19 ... result 0
Init barrier id: 19 width: 2 ... result 0
Calling wait, barrier id: 19
Waiting done, barrier id: 19 ... result 0
Init barrier id: 19 width: 2 ... result 0
Calling wait, barrier id: 19
Waiting done, barrier id: 19 ... result 0
Init barrier id: 19 width: 2 ... result 0
Calling wait, barrier id: 19
Waiting done, barrier id: 19 ... result 0
Init barrier id: 19 width: 2 ... result 0
Calling wait, barrier id: 19
Waiting done, barrier id: 19 ... result 0
Init barrier id: 19 width: 2 ... result 0
Calling wait, barrier id: 19
Waiting done, barrier id: 19 ... result 0
Init barrier id: 19 width: 2 ... result 0
Calling wait, barrier id: 19
Waiting done, barrier id: 19 ... result 0
Init barrier id: 19 width: 2 ... result 0
Destroying barrier id: 19 ... result 0
Init barrier id: 19 width: 3 ... result 0
Calling wait, barrier id: 19
Waiting done, barrier id: 19 ... result 0
Init barrier id: 19 width: 3 ... result 0
Calling wait, barrier id: 19
Waiting done, barrier id: 19 ... result 0
Init barrier id: 19 width: 3 ... result 0
Calling wait, barrier id: 19
Waiting done, barrier id: 19 ... result 0
Init barrier id: 19 width: 3 ... result 0
Calling wait, barrier id: 19
Waiting done, barrier id: 19 ... result 0
Init barrier id: 19 width: 3 ... result 0
Calling wait, barrier id: 19
Waiting done, barrier id: 19 ... result 0
Init barrier id: 19 width: 3 ... result 0
Calling wait, barrier id: 19
Waiting done, barrier id: 19 ... result 0
Init barrier id: 19 width: 3 ... result 0
Calling wait, barrier id: 19
Waiting done, barrier id: 19 ... result 0
Init barrier id: 19 width: 3 ... result 0
Calling wait, barrier id: 19
Waiting done, barrier id: 19 ... result 0
Init barrier id: 19 width: 3 ... result 0
Calling wait, barrier id: 19
Waiting done, barrier id: 19 ... result 0
Init barrier id: 19 width: 3 ... result 0
Calling wait, barrier id: 19
Waiting done, barrier id: 19 ... result 0
Init barrier id: 19 width: 3 ... result 0
Calling wait, barrier id: 19
Waiting done, barrier id: 19 ... result 0
Init barrier id: 19 width: 3 ... result 0
Calling wait, barrier id: 19
Waiting done, barrier id: 19 ... result 0
Init barrier id: 19 width: 3 ... result 0
Calling wait, barrier id: 19
Waiting done, barrier id: 19 ... result 0
Init barrier id: 19 width: 3 ... result 0
Calling wait, barrier id: 19
Waiting done, barrier id: 19 ... result 0
Init barrier id: 19 width: 3 ... result 0
Calling wait, barrier id: 19
Waiting done, barrier id: 19 ... result 0
Init barrier id: 19 width: 3 ... result 0
Destroying barrier id: 19 ... result 0
Init barrier id: 19 width: 4 ... result 0
Calling wait, barrier id: 19
Waiting done, barrier id: 19 ... result 0
Init barrier id: 19 width: 4 ... result 0
Calling wait, barrier id: 19
Waiting done, barrier id: 19 ... result 0
Init barrier id: 19 width: 4 ... result 0
Calling wait, barrier id: 19
Waiting done, barrier id: 19 ... result 0
Init barrier id: 19 width: 4 ... result 0
Calling wait, barrier id: 19
Waiting done, barrier id: 19 ... result 0
Init barrier id: 19 width: 4 ... result 0
Calling wait, barrier id: 19
Waiting done, barrier id: 19 ... result 0
Init barrier id: 19 width: 4 ... result 0
Calling wait, barrier id: 19
Waiting done, barrier id: 19 ... result 0
Init barrier id: 19 width: 4 ... result 0
Calling wait, barrier id: 19
Waiting done, barrier id: 19 ... result 0
Init barrier id: 19 width: 4 ... result 0
Calling wait, barrier id: 19
Waiting done, barrier id: 19 ... result 0
Init barrier id: 19 width: 4 ... result 0
Calling wait, barrier id: 19
Waiting done, barrier id: 19 ... result 0
Init barrier id: 19 width: 4 ... result 0
Calling wait, barrier id: 19
Waiting done, barrier id: 19 ... result 0
Init barrier id: 19 width: 4 ... result 0
Calling wait, barrier id: 19
Waiting done, barrier id: 19 ... result 0
Init barrier id: 19 width: 4 ... result 0
Calling wait, barrier id: 19
Waiting done, barrier id: 19 ... result 0
Init barrier id: 19 width: 4 ... result 0
Calling wait, barrier id: 19
Waiting done, barrier id: 19 ... result 0
Init barrier id: 19 width: 4 ... result 0
Calling wait, barrier id: 19
Waiting done, barrier id: 19 ... result 0
Init barrier id: 19 width: 4 ... result 0
Calling wait, barrier id: 19
Waiting done, barrier id: 19 ... result 0
Init barrier id: 19 width: 4 ... result 0
Calling wait, barrier id: 19
Waiting done, barrier id: 19 ... result 0
Init barrier id: 19 width: 4 ... result 0
Calling wait, barrier id: 19
Waiting done, barrier id: 19 ... result 0
Init barrier id: 19 width: 4 ... result 0
Calling wait, barrier id: 19
Waiting done, barrier id: 19 ... result 0
Init barrier id: 19 width: 4 ... result 0
Calling wait, barrier id: 19
Waiting done, barrier id: 19 ... result 0
Init barrier id: 19 width: 4 ... result 0
Calling wait, barrier id: 19
Waiting done, barrier id: 19 ... result 0
Init barrier id: 19 width: 4 ... result 0
Destroying barrier id: 19 ... result 0
