Init barrier id: 7 width: 2 ... result 0
Calling wait, barrier id: 7
Waiting done, barrier id: 7 ... result: -1 errno: 302
